-- The CXX compiler identification is AppleClang 21.0.0.21000101
-- The C compiler identification is AppleClang 21.0.0.21000101
-- Detecting CXX compiler ABI info
-- Detecting CXX compiler ABI info - done
-- Check for working CXX compiler: /usr/bin/c++ - skipped
-- Detecting CXX compile features
-- Detecting CXX compile features - done
-- Detecting C compiler ABI info
-- Detecting C compiler ABI info - done
-- Check for working C compiler: /usr/bin/cc - skipped
-- Detecting C compile features
-- Detecting C compile features - done
-- Building MLX for arm64 processor on Darwin
-- Accelerate found /Library/Developer/CommandLineTools/SDKs/MacOSX.sdk/System/Library/Frameworks/Accelerate.framework
-- Downloading json
-- Using the multi-header code from /tmp/tribunus-mlx-c-build/_deps/json-src/include/
-- Downloading gguflib
-- {fmt} version: 12.1.0
-- Build type: 
-- Performing Test HAS_NULLPTR_WARNING
-- Performing Test HAS_NULLPTR_WARNING - Success
-- Configuring done (139.1s)
-- Generating done (0.1s)
CMake Warning:
  Manually-specified variables were not used by the project:

    MLX_C_BUILD_TESTS


-- Build files have been written to: /tmp/tribunus-mlx-c-build
